[{"id":"dep-1783987075182-649","nombre":"EMANUEL CARDONA CARDONA","columnas":{"MES":"Mayo","AÑO":"2018","DÍA":"4","PROY":"SUB 8A","CARGO":"Ama de casa","EMAIL":"","PROFE":"CASTRO","BARRIO":"Zamora","ESTADO":"Activo","CÓDIGO":"21187","ESTRATO":"2","GÉNERO":"","PROGRAMA":"Desarrollo","MUNICIPIO":"BELLO","PESO (CM)":"","DIRECCIÓN":"Calle 20 D # 41 F 08","PARENTEZCO":"Padre","TALLA (CM)":"","DEPORTISTAS ":"EMANUEL CARDONA CARDONA","__POSICION__":"Portero, Lateral","PIE DOMINANTE":"","CON QUIEN VIVE":"Mamá y Papá","GRADO EN CURSO":"2","TIPO DE COLEGIO":"Público","NUMERO DE CELULAR":"30113563555","TIPO DE DOCUMENTO":"Registro Civil","HORARIO DE ESTUDIO":"Aun no sabemos","JORNADA DE ESTUDIO":"Aún no sabemos","TALLA DEL UNIFORME":"12","NOMBRE DEL FAMILIAR":"Yeison cardona Castro","NUMERO DE DOCUMENTO":"1023545145","TIPO DE AFILIACIÓN":"Antiguo","ANTECEDENTES MEDICOS":"Ninguno","EMPRESA DONDE LABORA":"Casa","FECHA DE AFILIACIÓN":"46015.54672453704","NOMBRE DE TU HERMANO":"NO","NOMBRE DEL ACUDIENTE":"KELLY JOHANA CARDONA PEREZ","CELULAR DEL ACUDIENTE":"3217739657","POSICIÓN EN EL CAMPO":"De Campo","SEDE DE ENTRENAMIENTO":"INSTITUCIONAL","INSTITUCIÓN EDUCATIVA":"INSTITUCIÓN EDUCATIVA ASIA IGNACIANA","EPS / ENTIFDAD DE SALUD":"SURA","JORNADA DE ENTRENAMIENTO":"NO LA CONOCEMOS AÚN","PARENTEZCO DEL ACUDIENTE":"Madre","¿TIENES HERMANOS EN EL CLUB?":"NO","TIPO DE DOCUMENTO DEL ACUDIENTE":"CÉDULA DE CIUDADANIA","NÚMERO DE DOCUMENTO DEL ACUDIENTE":"1020457673","ALGUNA CONDICIÓN MENTAL O COMPORTAMENTAL?":"Ninguno","¿Le gustaría participar en torneos nacionales?":"SI","¿En cuántos torneos locales le gustaría participar?":"3","SI ES NUEVO: ¿QUE ESPERA RECIBIR DE FUTURO ANTIOQUIA? \n\nSI ES ANTIGUO: ¿EN QUE DEBE MEJORAR FUTURO ANTIOQUIA?":"Un poco más de comunicación"}}]